13:29:18 **** Incremental Build of configuration Debug for project Point2Direction ****
make -j4 all 
arm-none-eabi-gcc -o "Point2Direction.elf" @"objects.list"   -mcpu=cortex-m4 -T"C:\Users\chmnq\Desktop\Point2Direction\STM32F401CCU6_FW\src\bsp\ldscript\STM32F401CCUX_FLASH.ld" --specs=nosys.specs -Wl,-Map="Point2Direction.map" -Wl,--gc-sections -static --specs=nano.specs -mfpu=fpv4-sp-d16 -mfloat-abi=hard -mthumb -Wl,--start-group -lc -lm -Wl,--end-group
Finished building target: Point2Direction.elf
 
arm-none-eabi-size  Point2Direction.elf 
arm-none-eabi-objdump -h -S Point2Direction.elf  > "Point2Direction.list"
   text	   data	    bss	    dec	    hex	filename
    716	      8	   1568	   2292	    8f4	Point2Direction.elf
Finished building: default.size.stdout
 
Finished building: Point2Direction.list
 
